[pages.landingcube.com/product/kiwea-faltbarer-wiederverwendbarere-kaffeebecher-aus-silikon-fur-reisen-fruchtgrun-1/index.html]
[backblue.gif]
[fade.gif]
[index.html]
[storage.googleapis.com/lncb-app-production.appspot.com/1/products/16058/product_image_5dc5fbd86dd11.jpg]
[pages.landingcube.com/wp-content/themes/landingcube/style.minc375.css]
[pages.landingcube.com/wp-content/themes/landingcube/templates/layouts/layout_3/layout_3.minc375.css]
[pages.landingcube.com/apple-touch-icon.png]
[pages.landingcube.com/favicon-32x32.png]
[pages.landingcube.com/favicon-16x16.png]
[connect.facebook.net/en_US/fbevents.js]
[storage.googleapis.com/lncb-app-production.appspot.com/1/products/16058/product_image_5dc5fc0a39d70.jpg]
[storage.googleapis.com/lncb-app-production.appspot.com/1/products/16058/product_image_5dc5fbd8b7a9f.jpg]
[storage.googleapis.com/lncb-app-production.appspot.com/1/products/16058/product_image_5dc5fbd918e1d.jpg]
[storage.googleapis.com/lncb-app-production.appspot.com/1/products/16058/product_image_5dc5fbd969e8f.jpg]
[storage.googleapis.com/lncb-app-production.appspot.com/1/products/16058/product_image_5dc5fbd9bfa90.jpg]
[pages.landingcube.com/wp-content/themes/landingcube/assets/available_at_amazon_de_cc_vertical_clr.png]
[pages.landingcube.com/wp-includes/js/jquery/jquery4a5f.js]
[pages.landingcube.com/wp-includes/js/jquery/jquery-migrate.min330a.js]
[pages.landingcube.com/wp-content/themes/landingcube/js/campaign_common.minc375.js]
[pages.landingcube.com/wp-content/themes/landingcube/js/product_page.minc375.js]
[pages.landingcube.com/wp-content/themes/landingcube/third-party/slick/slick.minc375.js]
[pages.landingcube.com/wp-content/themes/landingcube/templates/layouts/layout_3/layout_3.minc375.js]
[cdnjs.cloudflare.com/ajax/libs/iframe-resizer/3.6.1/iframeResizer.contentWindow.mina7a0.js]
[pages.landingcube.com/wp-includes/js/wp-embed.min4d2c.js]
[pages.landingcube.com/product/kiwea-faltbarer-wiederverwendbarere-kaffeebecher-aus-silikon-fur-reisen-fruchtgrun-1/index.html]
[pages.landingcube.com/wp-content/themes/landingcube/style.minc375.css]
[pages.landingcube.com/wp-content/themes/landingcube/templates/layouts/layout_3/assets/carousel-svg-nav-left.svg]
[pages.landingcube.com/wp-content/themes/landingcube/templates/layouts/layout_3/assets/carousel-svg-nav-right.svg]
[pages.landingcube.com/wp-content/themes/landingcube/templates/layouts/layout_3/assets/about-svg-info.svg]
[pages.landingcube.com/wp-content/themes/landingcube/templates/layouts/layout_3/assets/bullet-point.svg]
[pages.landingcube.com/wp-content/themes/landingcube/templates/layouts/layout_3/assets/reminder-svg-bg.svg]
[pages.landingcube.com/wp-content/themes/landingcube/templates/layouts/layout_3/assets/about-svg-play.svg]
[pages.landingcube.com/wp-content/themes/landingcube/templates/layouts/layout_3/assets/testimonials-svg-icon.svg]
[pages.landingcube.com/wp-content/themes/landingcube/templates/layouts/layout_3/assets/heart-shape-left.svg]
[pages.landingcube.com/wp-content/themes/landingcube/templates/layouts/layout_3/assets/heart-shape-right.svg]
[pages.landingcube.com/wp-content/themes/landingcube/templates/layouts/layout_3/assets/nav-svg-left.svg]
[pages.landingcube.com/wp-content/themes/landingcube/templates/layouts/layout_3/assets/nav-svg-right.svg]
[pages.landingcube.com/wp-content/themes/landingcube/templates/layouts/layout_3/assets/faq-svg-question.svg]
[pages.landingcube.com/wp-content/themes/landingcube/templates/layouts/layout_3/assets/faq.svg]
[pages.landingcube.com/wp-content/themes/landingcube/templates/layouts/layout_3/assets/drop-down.svg]
[pages.landingcube.com/wp-content/themes/landingcube/templates/layouts/layout_3/assets/about-svg-info-mobile.svg]
[pages.landingcube.com/wp-content/themes/landingcube/templates/layouts/layout_3/assets/about-svg-play-mobile.svg]
[pages.landingcube.com/wp-content/themes/landingcube/templates/layouts/layout_3/assets/heart-shape-left-mobile.svg]
[pages.landingcube.com/wp-content/themes/landingcube/templates/layouts/layout_3/assets/heart-shape-right-mobile.svg]
[pages.landingcube.com/wp-content/themes/landingcube/templates/layouts/layout_3/assets/caret-left-mobile.svg]
[pages.landingcube.com/wp-content/themes/landingcube/templates/layouts/layout_3/assets/caret-right-mobile.svg]
[pages.landingcube.com/wp-content/themes/landingcube/templates/layouts/layout_3/layout_3.minc375.css]
[connect.facebook.net/en_US/fbevents.js]
[pages.landingcube.com/wp-content/themes/landingcube/templates/layouts/layout_3/assets/carousel-svg-nav-left.svg]
[pages.landingcube.com/wp-content/themes/landingcube/templates/layouts/layout_3/assets/carousel-svg-nav-right.svg]
[pages.landingcube.com/wp-content/themes/landingcube/templates/layouts/layout_3/assets/about-svg-info.svg]
[pages.landingcube.com/wp-content/themes/landingcube/templates/layouts/layout_3/assets/bullet-point.svg]
[pages.landingcube.com/wp-content/themes/landingcube/templates/layouts/layout_3/assets/reminder-svg-bg.svg]
[pages.landingcube.com/wp-content/themes/landingcube/templates/layouts/layout_3/assets/about-svg-play.svg]
[pages.landingcube.com/wp-content/themes/landingcube/templates/layouts/layout_3/assets/testimonials-svg-icon.svg]
[pages.landingcube.com/wp-content/themes/landingcube/templates/layouts/layout_3/assets/heart-shape-left.svg]
[pages.landingcube.com/wp-content/themes/landingcube/templates/layouts/layout_3/assets/heart-shape-right.svg]
[pages.landingcube.com/wp-content/themes/landingcube/templates/layouts/layout_3/assets/nav-svg-left.svg]
[pages.landingcube.com/wp-content/themes/landingcube/templates/layouts/layout_3/assets/nav-svg-right.svg]
[pages.landingcube.com/wp-content/themes/landingcube/templates/layouts/layout_3/assets/faq-svg-question.svg]
[pages.landingcube.com/wp-content/themes/landingcube/templates/layouts/layout_3/assets/faq.svg]
[pages.landingcube.com/wp-content/themes/landingcube/templates/layouts/layout_3/assets/drop-down.svg]
[pages.landingcube.com/wp-content/themes/landingcube/templates/layouts/layout_3/assets/about-svg-info-mobile.svg]
[pages.landingcube.com/wp-content/themes/landingcube/templates/layouts/layout_3/assets/about-svg-play-mobile.svg]
[pages.landingcube.com/wp-content/themes/landingcube/templates/layouts/layout_3/assets/heart-shape-left-mobile.svg]
[pages.landingcube.com/wp-content/themes/landingcube/templates/layouts/layout_3/assets/heart-shape-right-mobile.svg]
[pages.landingcube.com/wp-content/themes/landingcube/templates/layouts/layout_3/assets/caret-left-mobile.svg]
[pages.landingcube.com/wp-content/themes/landingcube/templates/layouts/layout_3/assets/caret-right-mobile.svg]
